Krehn
Brow
Pint
Revolve
Smash
Area
Candle
Dogsled
Observation
Year
Duck
Foam
Hawk
Neon
Teller
Cry
Fear
Wolf
Glider
Health
Measure
October
Tuna
Change
Kendo
Porter
Seagull
Swallow
Front
Orange
Oval
Scene
Hydrogen
Overcoat
Packet
Potato
Thunder
Wound
Hat
Accelerate
Balance
Coast
Bell
Smash
Sail
Fog
Spark
Angle
War
Spider
Cannon
Creature
Attack
Wire
Wave
Brick
Rail
Wind
Odin
Loki
Zeus
Thor
Baldr
Hell
Venus
Mars
Jupiter
Sun
Mercury
Saturn
Pluto
Ares
Apollo
Athena
Hades
Amun
Ra
Diverse
Viking
Avalanche
McKinley
Denali
Mauna Kea
Whitney
Mitchell
Washington
Rainier
Elbert
Shishaldin 
Volcano
Tanaga
Chamberlin
Shasta
Gannett
Osborn
Igikpak
Humphreys Peak
Wheeler Peak
Vsevidof
Veniaminof
Kawaikini
Dillingham
Hall Island
Tooth Benchmark
Spruce Knob
Kings Peak
Sierra Blanca
San Gorgonio
Katahdin
Borah
Roberts
Cloud
Harney Peak
Slide
Griggs
Charleston Peak
Junipero Serra
Baker
Marcy
Hayes
Marcus Baker
Sacajawea
Steens
Fairweather
Delano
Tozi
Olympus
Blanca