American
Ash
Aspen 
Basswood 
Bayberry 
Beech
Big-Toothed 
Birch
Bitternut
Black 
Catalpa 
Cedar
Cherry 
Chestnut
Common
Cottonwood
Dogwood
Eastern
Elm
Fire
Flowering
Ginkgo
Gray
Gum
Heaven
Hemlock
Hickory 
Hop
Hornbeam
Horse 
Ironwood
Larch 
Laurel
Locust
Maple
Mountain 
Mulberry 
Musclewood 
Norway
Oak
Pear
Pin
Pine
Red
Rhododendron 
Sassafrass 
Shadbush 
Shagbark
Shining 
Silky
Smooth
Staghorn
Sugar 
Sumac
Sweet 
Sycamore 
White 
Yew
Riverhurst
Morris
Cheek
Bingo
Sun
Gripe
Robinhood
Sprite
Tennis
Naicam
Institute
Corfu
Lorida
Pensacola
Republican
Fort
Bumphead
Noon
Firetown
Hanging
Town
Holopaw
Big
Fargo
Little
Mermaid
Defiance
Hookers
Quoddy
Greasy
Challenge
Blue
Whitebreast
Soaptown
Crumpler
Kankakee
Whitby
Coats
Peewee
Disko
Scarce
Agenda
Crook
Whitecourt
Puttstown
Ko
Soft
White
Grandview
Homochitto
Ding
Orient
Poverty
Yznaga
Peekamoose
Blackfalds
Springside
Coronach
Why
Beaukiss
Coffee
Tooktocaugee
Putty
Gipsy
Bell
Michopdo
Ohogamiut
Nix
Redeye
Saugeen
Firebrick
Indianbone
Earl
Toto
Pie
Laboratory
Frink
High
Tiger
Hawarden
Pronto
Parrsboro
Cheddar
Kentucky
Hill
Turnagain
Egorkovskoi
Fate
Waxpool
Alabama
Wounded
Telbasta
Muitzeskill
Cheek
Troublesome
Pocataligo
Anaquassacook
Gibbons
Buttermilk
Cando
Andesite
Andesite
Anorthosite
Basalt
Diorite
Dunite
Felsite
Gabbro
Granite
Granodiorite 
Monzonite 
Obsidian 
Peridotite 
Pumice 
Pyroxenite 
Rhyolite 
Rhyolite
Scoria 
Syenite 
Vocanic
Dereham
Startford
Brading
Oxford
Bungay
Combe
Bushbury
Basingstoke
Chester
Milton
Chichester
Grantham
Looe
Berkeley
Burnley
Escomb
Ely
Hedon
Westminster
Tong
Gilling
Walsingham
Lewes
Evesham
Manorbier
Winchcester
Sheffield
Westbury
Barfreston
Wycombe
Midurst
Wolverhampton
Morecambe
Witham
Greenwich
Carnarvon
Crucis
Kirdford
Wantage
Plympton
Woodstock
Shaftesbury
Grinstead
Saurm
Bramber
Wigmore
Brancaster
Devizes
Minster
Aluminum
Amphibole
Andesite
Antimony
Aragonite
Arsenic
Asbestos
Augite
Aurichalcite
Autunite
Barium
Basalt
Bauxite
Beryllium
Biotite
Bismuth
Boron
Bromine
Cadmium
Calcite
Cement
Cesium
Chert
Chertjas
Chlorite
Chromium
Clays
Coal
Cobalt
Colemanite
Columbite
Conglomerate
Copper
Corundum
Creeoite
Diamond
Diatomite
Dimension
Diorite
Dolomite
Feldspar
Fluorite
Gabbro
Galena
Gallium
Garnet
Garnierite
Geaoksutite
Germanium
Gold
Granite
Graphite
Gypsum
Hafnium
Helium
Indium
Iodine
Iron
Kaolin
Kyanite
Lead
Limestone
Lithium
Manganese
Mercury
Mica
Molybdenum
Nickel
Nitrogen
Obsidian
Peat
Perlite
Phosphate
Plagioclase
Platinum
Potash
Pumice
Pyrite
Quartz
Quartzite
Rare Earths
Rhenium
Rubidium
Rutile
Salt
Sandstone
Scandium
Selenium
Shale
Silica
Silver
Slate
Sodium
Strontium
Sulfate
Sulfur
Talc
Tantalum
Tellurium
Thallium
Thorium
Tin
Titanium
Traprock
Tungsten
Vanadium
Vermiculite
Zeolites
Zinc
Zirconium
Central Blue
Great Smoky
White
Longfellow
Allegheny
Cumberland
Catskill
Notre Dame
Taconic
New England
Cumberland
Piedmont
Allegheny
Newfoundland
Nova Scotia
Mid-Atlantic
Mount Mitchell
Clingmans Dome
Katahdin
Equinox
Buzzard Roost
Wills Mountain
Mount Carleton
Elk Hill
Cabox
White Hill
Schunnemunk
Lebanon
Crawford